// Jest Snapshot v1, https://goo.gl/fbAQLP

exports[`Pruebas en el componente <CategoryAdd/> Debe mostrar el componente correctamente 1`] = `
<Fragment>
  <p>
     
     
  </p>
  <h2>
    Category Add
  </h2>
  <form
    onSubmit={[Function]}
  >
    <input
      onChange={[Function]}
      type="text"
      value=""
    />
  </form>
</Fragment>
`;
